[    0.000000] Linux version 4.18.14 (root@centos71) (gcc version 4.8.5 20150623 (Red Hat 4.8.5-28) (GCC)) #1 SMP Wed Oct 17 04:47:49 UTC 2018
[    0.000000] Command line: BOOT_IMAGE=/boot/vmlinuz-4.18.14 root=UUID=b5b20816-947c-4616-b15a-abaae4afe31b ro no_timer_check console=tty0 console=ttyS0,115200n8 net.ifnames=0 biosdevname=0 elevator=noop crashkernel=auto LANG=en_US.UTF-8
[    0.000000] x86/fpu: Supporting XSAVE feature 0x001: 'x87 floating point registers'
[    0.000000] x86/fpu: Supporting XSAVE feature 0x002: 'SSE registers'
[    0.000000] x86/fpu: Supporting XSAVE feature 0x004: 'AVX registers'
[    0.000000] x86/fpu: xstate_offset[2]:  576, xstate_sizes[2]:  256
[    0.000000] x86/fpu: Enabled xstate features 0x7, context size is 832 bytes, using 'standard' format.
[    0.000000] BIOS-provided physical RAM map:
[    0.000000] BIOS-e820: [mem 0x0000000000000000-0x000000000009fbff] usable
[    0.000000] BIOS-e820: [mem 0x000000000009fc00-0x000000000009ffff] reserved
[    0.000000] BIOS-e820: [mem 0x00000000000f0000-0x00000000000fffff] reserved
[    0.000000] BIOS-e820: [mem 0x0000000000100000-0x000000001ffeffff] usable
[    0.000000] BIOS-e820: [mem 0x000000001fff0000-0x000000001fffffff] ACPI data
[    0.000000] BIOS-e820: [mem 0x00000000fec00000-0x00000000fec00fff] reserved
[    0.000000] BIOS-e820: [mem 0x00000000fee00000-0x00000000fee00fff] reserved
[    0.000000] BIOS-e820: [mem 0x00000000fffc0000-0x00000000ffffffff] reserved
[    0.000000] NX (Execute Disable) protection: active
[    0.000000] SMBIOS 2.5 present.
[    0.000000] DMI: innotek GmbH VirtualBox/VirtualBox, BIOS VirtualBox 12/01/2006
[    0.000000] e820: update [mem 0x00000000-0x00000fff] usable ==> reserved
[    0.000000] e820: remove [mem 0x000a0000-0x000fffff] usable
[    0.000000] last_pfn = 0x1fff0 max_arch_pfn = 0x400000000
[    0.000000] MTRR default type: uncachable
[    0.000000] MTRR variable ranges disabled:
[    0.000000] Disabled
[    0.000000] x86/PAT: MTRRs disabled, skipping PAT initialization too.
[    0.000000] CPU MTRRs all blank - virtualized system.
[    0.000000] x86/PAT: Configuration [0-7]: WB  WT  UC- UC  WB  WT  UC- UC  
[    0.000000] found SMP MP-table at [mem 0x0009fff0-0x0009ffff] mapped at [(____ptrval____)]
[    0.000000] Scanning 1 areas for low memory corruption
[    0.000000] Base memory trampoline at [(____ptrval____)] 99000 size 24576
[    0.000000] BRK [0x19cfe000, 0x19cfefff] PGTABLE
[    0.000000] BRK [0x19cff000, 0x19cfffff] PGTABLE
[    0.000000] BRK [0x19d00000, 0x19d00fff] PGTABLE
[    0.000000] BRK [0x19d01000, 0x19d01fff] PGTABLE
[    0.000000] BRK [0x19d02000, 0x19d02fff] PGTABLE
[    0.000000] RAMDISK: [mem 0x1e404000-0x1ee49fff]
[    0.000000] ACPI: Early table checksum verification disabled
[    0.000000] ACPI: RSDP 0x00000000000E0000 000024 (v02 VBOX  )
[    0.000000] ACPI: XSDT 0x000000001FFF0030 00003C (v01 VBOX   VBOXXSDT 00000001 ASL  00000061)
[    0.000000] ACPI: FACP 0x000000001FFF00F0 0000F4 (v04 VBOX   VBOXFACP 00000001 ASL  00000061)
[    0.000000] ACPI: DSDT 0x000000001FFF0470 0021FF (v02 VBOX   VBOXBIOS 00000002 INTL 20100528)
[    0.000000] ACPI: FACS 0x000000001FFF0200 000040
[    0.000000] ACPI: FACS 0x000000001FFF0200 000040
[    0.000000] ACPI: APIC 0x000000001FFF0240 000054 (v02 VBOX   VBOXAPIC 00000001 ASL  00000061)
[    0.000000] ACPI: SSDT 0x000000001FFF02A0 0001CC (v01 VBOX   VBOXCPUT 00000002 INTL 20100528)
[    0.000000] ACPI: Local APIC address 0xfee00000
[    0.000000] No NUMA configuration found
[    0.000000] Faking a node at [mem 0x0000000000000000-0x000000001ffeffff]
[    0.000000] NODE_DATA(0) allocated [mem 0x1ffec000-0x1ffeffff]
[    0.000000] crashkernel: memory value expected
[    0.000000] tsc: Fast TSC calibration using PIT
[    0.000000] Zone ranges:
[    0.000000]   DMA      [mem 0x0000000000001000-0x0000000000ffffff]
[    0.000000]   DMA32    [mem 0x0000000001000000-0x000000001ffeffff]
[    0.000000]   Normal   empty
[    0.000000] Movable zone start for each node
[    0.000000] Early memory node ranges
[    0.000000]   node   0: [mem 0x0000000000001000-0x000000000009efff]
[    0.000000]   node   0: [mem 0x0000000000100000-0x000000001ffeffff]
[    0.000000] Reserved but unavailable: 114 pages
[    0.000000] Initmem setup node 0 [mem 0x0000000000001000-0x000000001ffeffff]
[    0.000000] On node 0 totalpages: 130958
[    0.000000]   DMA zone: 64 pages used for memmap
[    0.000000]   DMA zone: 21 pages reserved
[    0.000000]   DMA zone: 3998 pages, LIFO batch:0
[    0.000000]   DMA32 zone: 1984 pages used for memmap
[    0.000000]   DMA32 zone: 126960 pages, LIFO batch:31
[    0.000000] ACPI: PM-Timer IO Port: 0x4008
[    0.000000] ACPI: Local APIC address 0xfee00000
[    0.000000] IOAPIC[0]: apic_id 1, version 32, address 0xfec00000, GSI 0-23
[    0.000000] ACPI: INT_SRC_OVR (bus 0 bus_irq 0 global_irq 2 dfl dfl)
[    0.000000] ACPI: INT_SRC_OVR (bus 0 bus_irq 9 global_irq 9 low level)
[    0.000000] ACPI: IRQ0 used by override.
[    0.000000] ACPI: IRQ9 used by override.
[    0.000000] Using ACPI (MADT) for SMP configuration information
[    0.000000] smpboot: Allowing 1 CPUs, 0 hotplug CPUs
[    0.000000] PM: Registered nosave memory: [mem 0x00000000-0x00000fff]
[    0.000000] PM: Registered nosave memory: [mem 0x0009f000-0x0009ffff]
[    0.000000] PM: Registered nosave memory: [mem 0x000a0000-0x000effff]
[    0.000000] PM: Registered nosave memory: [mem 0x000f0000-0x000fffff]
[    0.000000] [mem 0x20000000-0xfebfffff] available for PCI devices
[    0.000000] clocksource: refined-jiffies: mask: 0xffffffff max_cycles: 0xffffffff, max_idle_ns: 1910969940391419 ns
[    0.000000] random: get_random_bytes called from start_kernel+0x91/0x500 with crng_init=0
[    0.000000] setup_percpu: NR_CPUS:64 nr_cpumask_bits:64 nr_cpu_ids:1 nr_node_ids:1
[    0.000000] percpu: Embedded 43 pages/cpu @(____ptrval____) s137944 r8192 d29992 u2097152
[    0.000000] pcpu-alloc: s137944 r8192 d29992 u2097152 alloc=1*2097152
[    0.000000] pcpu-alloc: [0] 0 
[    0.000000] Built 1 zonelists, mobility grouping on.  Total pages: 128889
[    0.000000] Policy zone: DMA32
[    0.000000] Kernel command line: BOOT_IMAGE=/boot/vmlinuz-4.18.14 root=UUID=b5b20816-947c-4616-b15a-abaae4afe31b ro no_timer_check console=tty0 console=ttyS0,115200n8 net.ifnames=0 biosdevname=0 elevator=noop crashkernel=auto LANG=en_US.UTF-8
[    0.000000] Calgary: detecting Calgary via BIOS EBDA area
[    0.000000] Calgary: Unable to locate Rio Grande table in EBDA - bailing!
[    0.000000] Memory: 479156K/523832K available (12300K kernel code, 1301K rwdata, 3096K rodata, 1268K init, 608K bss, 44676K reserved, 0K cma-reserved)
[    0.000000] SLUB: HWalign=64, Order=0-3, MinObjects=0, CPUs=1, Nodes=1
[    0.000000] Kernel/User page tables isolation: enabled
[    0.000000] Hierarchical RCU implementation.
[    0.000000] 	RCU event tracing is enabled.
[    0.000000] 	RCU restricting CPUs from NR_CPUS=64 to nr_cpu_ids=1.
[    0.000000] RCU: Adjusting geometry for rcu_fanout_leaf=16, nr_cpu_ids=1
[    0.000000] NR_IRQS: 4352, nr_irqs: 256, preallocated irqs: 16
[    0.000000] Console: colour VGA+ 80x25
[    0.000000] console [tty0] enabled
[    0.000000] console [ttyS0] enabled
[    0.000000] ACPI: Core revision 20180531
[    0.000000] APIC: Switch to symmetric I/O mode setup
[    0.000000] ..TIMER: vector=0x30 apic1=0 pin1=2 apic2=-1 pin2=-1
[    0.001000] tsc: Fast TSC calibration failed
[    0.005000] tsc: Unable to calibrate against PIT
[    0.006000] tsc: using PMTIMER reference calibration
[    0.006000] tsc: Detected 3199.962 MHz processor
[    0.007000] clocksource: tsc-early: mask: 0xffffffffffffffff max_cycles: 0x2e20266063a, max_idle_ns: 440795307654 ns
[    0.008002] Calibrating delay loop (skipped), value calculated using timer frequency.. 6399.92 BogoMIPS (lpj=3199962)
[    0.008788] pid_max: default: 32768 minimum: 301
[    0.009017] Security Framework initialized
[    0.009424] SELinux:  Initializing.
[    0.010011] SELinux:  Starting in permissive mode
[    0.010073] Dentry cache hash table entries: 65536 (order: 7, 524288 bytes)
[    0.010645] Inode-cache hash table entries: 32768 (order: 6, 262144 bytes)
[    0.011000] Mount-cache hash table entries: 1024 (order: 1, 8192 bytes)
[    0.011433] Mountpoint-cache hash table entries: 1024 (order: 1, 8192 bytes)
[    0.012152] mce: CPU supports 0 MCE banks
[    0.012566] process: using mwait in idle threads
[    0.013004] Last level iTLB entries: 4KB 1024, 2MB 1024, 4MB 1024
[    0.013506] Last level dTLB entries: 4KB 1024, 2MB 1024, 4MB 1024, 1GB 4
[    0.014002] Spectre V2 : Mitigation: Full generic retpoline
[    0.014456] Spectre V2 : Spectre v2 / SpectreRSB mitigation: Filling RSB on context switch
[    0.015001] Speculative Store Bypass: Vulnerable
[    0.021377] Freeing SMP alternatives memory: 36K
[    0.022000] smpboot: CPU0: Intel(R) Core(TM) i5-4460  CPU @ 3.20GHz (family: 0x6, model: 0x3c, stepping: 0x3)
[    0.022000] Performance Events: unsupported p6 CPU model 60 no PMU driver, software events only.
[    0.022031] Hierarchical SRCU implementation.
[    0.022509] smp: Bringing up secondary CPUs ...
[    0.023002] smp: Brought up 1 node, 1 CPU
[    0.023359] smpboot: Max logical packages: 1
[    0.023726] smpboot: Total of 1 processors activated (6399.92 BogoMIPS)
[    0.024073] devtmpfs: initialized
[    0.024653] clocksource: jiffies: mask: 0xffffffff max_cycles: 0xffffffff, max_idle_ns: 1911260446275000 ns
[    0.025005] futex hash table entries: 256 (order: 2, 16384 bytes)
[    0.025500] RTC time:  5:36:46, date: 10/17/18
[    0.026039] kworker/u2:0 (17) used greatest stack depth: 14704 bytes left
[    0.026586] NET: Registered protocol family 16
[    0.027081] audit: initializing netlink subsys (disabled)
[    0.027638] cpuidle: using governor menu
[    0.028007] audit: type=2000 audit(1539754606.027:1): state=initialized audit_enabled=0 res=1
[    0.028730] kworker/u2:1 (25) used greatest stack depth: 14176 bytes left
[    0.029033] ACPI: bus type PCI registered
[    0.029518] PCI: Using configuration type 1 for base access
[    0.036950] HugeTLB registered 2.00 MiB page size, pre-allocated 0 pages
[    0.037160] ACPI: Added _OSI(Module Device)
[    0.038005] ACPI: Added _OSI(Processor Device)
[    0.038373] ACPI: Added _OSI(3.0 _SCP Extensions)
[    0.038749] ACPI: Added _OSI(Processor Aggregator Device)
[    0.039121] ACPI: Added _OSI(Linux-Dell-Video)
[    0.041307] ACPI: 2 ACPI AML tables successfully acquired and loaded
[    0.042730] ACPI: Interpreter enabled
[    0.043011] ACPI: (supports S0 S5)
[    0.043435] ACPI: Using IOAPIC for interrupt routing
[    0.043940] PCI: Using host bridge windows from ACPI; if necessary, use "pci=nocrs" and report a bug
[    0.044065] ACPI: Enabled 2 GPEs in block 00 to 07
[    0.048748] ACPI: PCI Root Bridge [PCI0] (domain 0000 [bus 00-ff])
[    0.049000] acpi PNP0A03:00: _OSC: OS supports [ASPM ClockPM Segments MSI]
[    0.049362] acpi PNP0A03:00: _OSC: not requesting OS control; OS requires [ExtendedConfig ASPM ClockPM MSI]
[    0.050000] acpi PNP0A03:00: fail to add MMCONFIG information, can't access extended PCI configuration space under this bridge.
[    0.050804] PCI host bridge to bus 0000:00
[    0.051006] pci_bus 0000:00: root bus resource [io  0x0000-0x0cf7 window]
[    0.051481] pci_bus 0000:00: root bus resource [io  0x0d00-0xffff window]
[    0.052026] pci_bus 0000:00: root bus resource [mem 0x000a0000-0x000bffff window]
[    0.052662] pci_bus 0000:00: root bus resource [mem 0x20000000-0xfdffffff window]
[    0.053005] pci_bus 0000:00: root bus resource [bus 00-ff]
[    0.053450] pci 0000:00:00.0: [8086:1237] type 00 class 0x060000
[    0.054023] pci 0000:00:01.0: [8086:7000] type 00 class 0x060100
[    0.054601] pci 0000:00:01.1: [8086:7111] type 00 class 0x01018a
[    0.054982] pci 0000:00:01.1: reg 0x20: [io  0xd000-0xd00f]
[    0.055130] pci 0000:00:01.1: legacy IDE quirk: reg 0x10: [io  0x01f0-0x01f7]
[    0.055620] pci 0000:00:01.1: legacy IDE quirk: reg 0x14: [io  0x03f6]
[    0.056000] pci 0000:00:01.1: legacy IDE quirk: reg 0x18: [io  0x0170-0x0177]
[    0.056418] pci 0000:00:01.1: legacy IDE quirk: reg 0x1c: [io  0x0376]
[    0.057207] pci 0000:00:02.0: [80ee:beef] type 00 class 0x030000
[    0.057828] pci 0000:00:02.0: reg 0x10: [mem 0xe0000000-0xe0ffffff pref]
[    0.060500] pci 0000:00:03.0: [8086:100e] type 00 class 0x020000
[    0.060763] pci 0000:00:03.0: reg 0x10: [mem 0xf0000000-0xf001ffff]
[    0.061272] pci 0000:00:03.0: reg 0x18: [io  0xd010-0xd017]
[    0.062934] pci 0000:00:04.0: [80ee:cafe] type 00 class 0x088000
[    0.063193] pci 0000:00:04.0: reg 0x10: [io  0xd020-0xd03f]
[    0.063477] pci 0000:00:04.0: reg 0x14: [mem 0xf0400000-0xf07fffff]
[    0.063665] pci 0000:00:04.0: reg 0x18: [mem 0xf0800000-0xf0803fff pref]
[    0.064676] pci 0000:00:05.0: [8086:2415] type 00 class 0x040100
[    0.064809] pci 0000:00:05.0: reg 0x10: [io  0xd100-0xd1ff]
[    0.064872] pci 0000:00:05.0: reg 0x14: [io  0xd200-0xd23f]
[    0.065407] pci 0000:00:07.0: [8086:7113] type 00 class 0x068000
[    0.065704] pci 0000:00:07.0: quirk: [io  0x4000-0x403f] claimed by PIIX4 ACPI
[    0.066012] pci 0000:00:07.0: quirk: [io  0x4100-0x410f] claimed by PIIX4 SMB
[    0.067125] pci 0000:00:08.0: [8086:100e] type 00 class 0x020000
[    0.067382] pci 0000:00:08.0: reg 0x10: [mem 0xf0820000-0xf083ffff]
[    0.067736] pci 0000:00:08.0: reg 0x18: [io  0xd240-0xd247]
[    0.069497] ACPI: PCI Interrupt Link [LNKA] (IRQs 5 9 10 *11)
[    0.070074] ACPI: PCI Interrupt Link [LNKB] (IRQs 5 9 *10 11)
[    0.070565] ACPI: PCI Interrupt Link [LNKC] (IRQs 5 *9 10 11)
[    0.071138] ACPI: PCI Interrupt Link [LNKD] (IRQs 5 9 10 *11)
[    0.071735] pci 0000:00:02.0: vgaarb: setting as boot VGA device
[    0.072000] pci 0000:00:02.0: vgaarb: VGA device added: decodes=io+mem,owns=io+mem,locks=none
[    0.072005] pci 0000:00:02.0: vgaarb: bridge control possible
[    0.072335] vgaarb: loaded
[    0.072721] SCSI subsystem initialized
[    0.073095] libata version 3.00 loaded.
[    0.073132] ACPI: bus type USB registered
[    0.073561] usbcore: registered new interface driver usbfs
[    0.074023] usbcore: registered new interface driver hub
[    0.074482] usbcore: registered new device driver usb
[    0.075024] pps_core: LinuxPPS API ver. 1 registered
[    0.075469] pps_core: Software ver. 5.3.6 - Copyright 2005-2007 Rodolfo Giometti <giometti@linux.it>
[    0.076105] PTP clock support registered
[    0.076497] EDAC MC: Ver: 3.0.0
[    0.077232] Advanced Linux Sound Architecture Driver Initialized.
[    0.077744] PCI: Using ACPI for IRQ routing
[    0.078000] PCI: pci_cache_line_size set to 64 bytes
[    0.078154] e820: reserve RAM buffer [mem 0x0009fc00-0x0009ffff]
[    0.078155] e820: reserve RAM buffer [mem 0x1fff0000-0x1fffffff]
[    0.078250] NetLabel: Initializing
[    0.078586] NetLabel:  domain hash size = 128
[    0.079005] NetLabel:  protocols = UNLABELED CIPSOv4 CALIPSO
[    0.079561] NetLabel:  unlabeled traffic allowed by default
[    0.080161] clocksource: Switched to clocksource tsc-early
[    0.087215] VFS: Disk quotas dquot_6.6.0
[    0.087671] VFS: Dquot-cache hash table entries: 512 (order 0, 4096 bytes)
[    0.088162] pnp: PnP ACPI init
[    0.088533] pnp 00:00: Plug and Play ACPI device, IDs PNP0303 (active)
[    0.088586] pnp 00:01: Plug and Play ACPI device, IDs PNP0f03 (active)
[    0.089062] pnp: PnP ACPI: found 2 devices
[    0.096603] clocksource: acpi_pm: mask: 0xffffff max_cycles: 0xffffff, max_idle_ns: 2085701024 ns
[    0.098046] pci_bus 0000:00: resource 4 [io  0x0000-0x0cf7 window]
[    0.098047] pci_bus 0000:00: resource 5 [io  0x0d00-0xffff window]
[    0.098049] pci_bus 0000:00: resource 6 [mem 0x000a0000-0x000bffff window]
[    0.098050] pci_bus 0000:00: resource 7 [mem 0x20000000-0xfdffffff window]
[    0.098080] NET: Registered protocol family 2
[    0.098868] tcp_listen_portaddr_hash hash table entries: 256 (order: 0, 4096 bytes)
[    0.099503] TCP established hash table entries: 4096 (order: 3, 32768 bytes)
[    0.100019] TCP bind hash table entries: 4096 (order: 4, 65536 bytes)
[    0.100495] TCP: Hash tables configured (established 4096 bind 4096)
[    0.100915] UDP hash table entries: 256 (order: 1, 8192 bytes)
[    0.101363] UDP-Lite hash table entries: 256 (order: 1, 8192 bytes)
[    0.101823] NET: Registered protocol family 1
[    0.102246] RPC: Registered named UNIX socket transport module.
[    0.102716] RPC: Registered udp transport module.
[    0.102983] RPC: Registered tcp transport module.
[    0.103372] RPC: Registered tcp NFSv4.1 backchannel transport module.
[    0.103854] pci 0000:00:00.0: Limiting direct PCI/PCI transfers
[    0.104344] pci 0000:00:01.0: Activating ISA DMA hang workarounds
[    0.104808] pci 0000:00:02.0: Video device with shadowed ROM at [mem 0x000c0000-0x000dffff]
[    0.105458] PCI: CLS 0 bytes, default 64
[    0.105480] Unpacking initramfs...
[    0.219218] Freeing initrd memory: 10520K
[    0.220180] RAPL PMU: API unit is 2^-32 Joules, 4 fixed counters, 10737418240 ms ovfl timer
[    0.220751] RAPL PMU: hw unit of domain pp0-core 2^-0 Joules
[    0.221180] RAPL PMU: hw unit of domain package 2^-0 Joules
[    0.221668] RAPL PMU: hw unit of domain dram 2^-0 Joules
[    0.222072] RAPL PMU: hw unit of domain pp1-gpu 2^-0 Joules
[    0.222488] platform rtc_cmos: registered platform RTC device (no PNP device found)
[    0.223150] Scanning for low memory corruption every 60 seconds
[    0.224541] Initialise system trusted keyrings
[    0.225168] workingset: timestamp_bits=56 max_order=17 bucket_order=0
[    0.228064] NFS: Registering the id_resolver key type
[    0.228415] Key type id_resolver registered
[    0.228773] Key type id_legacy registered
[    0.229415] SELinux:  Registering netfilter hooks
[    0.229997] Key type asymmetric registered
[    0.230356] Asymmetric key parser 'x509' registered
[    0.230763] Block layer SCSI generic (bsg) driver version 0.4 loaded (major 251)
[    0.232343] io scheduler noop registered (default)
[    0.232729] io scheduler deadline registered
[    0.233154] io scheduler cfq registered
[    0.233498] io scheduler mq-deadline registered
[    0.233941] io scheduler kyber registered
[    0.234473] ACPI: AC Adapter [AC] (on-line)
[    0.234891] input: Power Button as /devices/LNXSYSTM:00/LNXPWRBN:00/input/input0
[    0.235487] ACPI: Power Button [PWRF]
[    0.235933] input: Sleep Button as /devices/LNXSYSTM:00/LNXSLPBN:00/input/input1
[    0.236582] ACPI: Sleep Button [SLPF]
[    0.237024] ACPI: Video Device [GFX0] (multi-head: yes  rom: no  post: no)
[    0.237455] input: Video Bus as /devices/LNXSYSTM:00/LNXSYBUS:00/PNP0A03:00/LNXVIDEO:00/input/input2
[    0.238334] Serial: 8250/16550 driver, 4 ports, IRQ sharing enabled
[    0.239060] Non-volatile memory driver v1.3
[    0.239363] Linux agpgart interface v0.103
[    0.240690] loop: module loaded
[    0.241049] ata_piix 0000:00:01.1: version 2.13
[    0.241790] scsi host0: ata_piix
[    0.242181] scsi host1: ata_piix
[    0.242528] ata1: PATA max UDMA/33 cmd 0x1f0 ctl 0x3f6 bmdma 0xd000 irq 14
[    0.244032] ata2: PATA max UDMA/33 cmd 0x170 ctl 0x376 bmdma 0xd008 irq 15
[    0.244864] e100: Intel(R) PRO/100 Network Driver, 3.5.24-k2-NAPI
[    0.245323] e100: Copyright(c) 1999-2006 Intel Corporation
[    0.245890] e1000: Intel(R) PRO/1000 Network Driver - version 7.3.21-k8-NAPI
[    0.246306] e1000: Copyright (c) 1999-2006 Intel Corporation.
[    0.405494] ata1.01: NODEV after polling detection
[    0.405676] ata1.00: ATA-6: VBOX HARDDISK, 1.0, max UDMA/133
[    0.406107] ata1.00: 83886080 sectors, multi 128: LBA 
[    0.406821] scsi 0:0:0:0: Direct-Access     ATA      VBOX HARDDISK    1.0  PQ: 0 ANSI: 5
[    0.407574] sd 0:0:0:0: [sda] 83886080 512-byte logical blocks: (42.9 GB/40.0 GiB)
[    0.408156] sd 0:0:0:0: [sda] Write Protect is off
[    0.408462] sd 0:0:0:0: [sda] Mode Sense: 00 3a 00 00
[    0.408474] sd 0:0:0:0: Attached scsi generic sg0 type 0
[    0.408937] sd 0:0:0:0: [sda] Write cache: enabled, read cache: enabled, doesn't support DPO or FUA
[    0.410001]  sda: sda1
[    0.410359] sd 0:0:0:0: [sda] Attached SCSI disk
[    0.591386] e1000 0000:00:03.0 eth0: (PCI:33MHz:32-bit) 52:54:00:c0:42:d5
[    0.592395] e1000 0000:00:03.0 eth0: Intel(R) PRO/1000 Network Connection
[    0.929792] e1000 0000:00:08.0 eth1: (PCI:33MHz:32-bit) 08:00:27:28:8f:ff
[    0.930681] e1000 0000:00:08.0 eth1: Intel(R) PRO/1000 Network Connection
[    0.931240] e1000e: Intel(R) PRO/1000 Network Driver - 3.2.6-k
[    0.931675] e1000e: Copyright(c) 1999 - 2015 Intel Corporation.
[    0.932140] sky2: driver version 1.30
[    0.932579] ehci_hcd: USB 2.0 'Enhanced' Host Controller (EHCI) Driver
[    0.932930] ehci-pci: EHCI PCI platform driver
[    0.933336] ohci_hcd: USB 1.1 'Open' Host Controller (OHCI) Driver
[    0.933994] ohci-pci: OHCI PCI platform driver
[    0.934400] uhci_hcd: USB Universal Host Controller Interface driver
[    0.934891] usbcore: registered new interface driver usblp
[    0.935324] usbcore: registered new interface driver usb-storage
[    0.936457] i8042: PNP: PS/2 Controller [PNP0303:PS2K,PNP0f03:PS2M] at 0x60,0x64 irq 1,12
[    0.937409] serio: i8042 KBD port at 0x60,0x64 irq 1
[    0.937755] serio: i8042 AUX port at 0x60,0x64 irq 12
[    0.938416] input: AT Translated Set 2 keyboard as /devices/platform/i8042/serio0/input/input3
[    0.939988] rtc_cmos rtc_cmos: registered as rtc0
[    0.940390] rtc_cmos rtc_cmos: alarms up to one day, 114 bytes nvram
[    0.941023] device-mapper: ioctl: 4.39.0-ioctl (2018-04-03) initialised: dm-devel@redhat.com
[    0.941910] hidraw: raw HID events driver (C) Jiri Kosina
[    0.942579] usbcore: registered new interface driver usbhid
[    0.942846] usbhid: USB HID core driver
[    0.943471] Initializing XFRM netlink socket
[    0.943939] NET: Registered protocol family 10
[    0.945547] Segment Routing with IPv6
[    0.946030] sit: IPv6, IPv4 and MPLS over IPv4 tunneling driver
[    0.946578] NET: Registered protocol family 17
[    0.946997] Key type dns_resolver registered
[    0.947444] sched_clock: Marking stable (946569770, 0)->(1047326517, -100756747)
[    0.948071] registered taskstats version 1
[    0.948461] Loading compiled-in X.509 certificates
[    0.948794] Unable to create integrity sysfs dir: -19
[    0.949404]   Magic number: 6:411:618
[    0.949773] console [netcon0] enabled
[    0.950106] netconsole: network logging started
[    0.950600] cfg80211: Loading compiled-in X.509 certificates for regulatory database
[    0.952224] cfg80211: Loaded X.509 cert 'sforshee: 00b28ddf47aef9cea7'
[    0.952967] ALSA device list:
[    0.955278]   No soundcards found.
[    0.955598] platform regulatory.0: Direct firmware load for regulatory.db failed with error -2
[    0.956307] cfg80211: failed to load regulatory.db
[    0.957410] Freeing unused kernel image memory: 1268K
[    0.961431] Write protecting the kernel read-only data: 18432k
[    0.962085] Freeing unused kernel image memory: 2004K
[    0.962693] Freeing unused kernel image memory: 1000K
[    0.964447] random: systemd: uninitialized urandom read (16 bytes read)
[    0.965208] systemd[1]: systemd 219 running in system mode. (+PAM +AUDIT +SELINUX +IMA -APPARMOR +SMACK +SYSVINIT +UTMP +LIBCRYPTSETUP +GCRYPT +GNUTLS +ACL +XZ +LZ4 -SECCOMP +BLKID +ELFUTILS +KMOD +IDN)
[    0.966526] systemd[1]: Detected virtualization kvm.
[    0.966968] systemd[1]: Detected architecture x86-64.
[    0.967373] systemd[1]: Running in initial RAM disk.
[    0.967800] systemd[1]: Set hostname to <centos71>.
[    0.985503] dracut-rootfs-g (985) used greatest stack depth: 14128 bytes left
[    0.986184] random: systemd: uninitialized urandom read (16 bytes read)
[    0.986731] random: systemd: uninitialized urandom read (16 bytes read)
[    0.990218] systemd[1]: Created slice Root Slice.
[    0.990665] systemd[1]: Starting Root Slice.
[    0.991051] systemd[1]: Reached target Timers.
[    0.991412] systemd[1]: Starting Timers.
[    0.991795] systemd[1]: Listening on udev Kernel Socket.
[    1.050523] udevadm (1249) used greatest stack depth: 14000 bytes left
[    1.153973] input: ImExPS/2 Generic Explorer Mouse as /devices/platform/i8042/serio1/input/input5
[    1.164557] EXT4-fs (sda1): mounted filesystem with ordered data mode. Opts: (null)
[    1.187943] systemd-fstab-g (1519) used greatest stack depth: 13936 bytes left
[    1.249083] tsc: Refined TSC clocksource calibration: 3199.998 MHz
[    1.249583] clocksource: tsc: mask: 0xffffffffffffffff max_cycles: 0x2e204823bcd, max_idle_ns: 440795224253 ns
[    1.250891] clocksource: Switched to clocksource tsc
[    1.286901] systemd-journald[1008]: Received SIGTERM from PID 1 (systemd).
[    1.287330] random: fast init done
[    1.296323] systemd: 30 output lines suppressed due to ratelimiting
[    1.316254] audit: type=1404 audit(1539754607.315:2): enforcing=1 old_enforcing=0 auid=4294967295 ses=4294967295 enabled=1 old-enabled=1 lsm=selinux res=1
[    1.328003] SELinux: 32768 avtab hash slots, 106613 rules.
[    1.342452] SELinux: 32768 avtab hash slots, 106613 rules.
[    1.367166] SELinux:  8 users, 14 roles, 5015 types, 310 bools, 1 sens, 1024 cats
[    1.367168] SELinux:  97 classes, 106613 rules
[    1.370405] SELinux:  Permission getrlimit in class process not defined in policy.
[    1.371609] SELinux:  Permission map in class file not defined in policy.
[    1.372059] SELinux:  Permission map in class dir not defined in policy.
[    1.372590] SELinux:  Permission map in class lnk_file not defined in policy.
[    1.373310] SELinux:  Permission map in class chr_file not defined in policy.
[    1.373822] SELinux:  Permission map in class blk_file not defined in policy.
[    1.374317] SELinux:  Permission map in class sock_file not defined in policy.
[    1.374944] SELinux:  Permission map in class fifo_file not defined in policy.
[    1.375373] SELinux:  Permission map in class socket not defined in policy.
[    1.375868] SELinux:  Permission map in class tcp_socket not defined in policy.
[    1.376396] SELinux:  Permission map in class udp_socket not defined in policy.
[    1.376966] SELinux:  Permission map in class rawip_socket not defined in policy.
[    1.377374] SELinux:  Permission map in class netlink_socket not defined in policy.
[    1.377961] SELinux:  Permission map in class packet_socket not defined in policy.
[    1.378596] SELinux:  Permission map in class key_socket not defined in policy.
[    1.379313] SELinux:  Permission map in class unix_stream_socket not defined in policy.
[    1.379957] SELinux:  Permission map in class unix_dgram_socket not defined in policy.
[    1.380388] SELinux:  Permission map in class netlink_route_socket not defined in policy.
[    1.381001] SELinux:  Permission map in class netlink_tcpdiag_socket not defined in policy.
[    1.382379] SELinux:  Permission map in class netlink_nflog_socket not defined in policy.
[    1.382999] SELinux:  Permission map in class netlink_xfrm_socket not defined in policy.
[    1.383386] SELinux:  Permission map in class netlink_selinux_socket not defined in policy.
[    1.384002] SELinux:  Permission map in class netlink_iscsi_socket not defined in policy.
[    1.384614] SELinux:  Permission map in class netlink_audit_socket not defined in policy.
[    1.385206] SELinux:  Permission map in class netlink_fib_lookup_socket not defined in policy.
[    1.385635] SELinux:  Permission map in class netlink_connector_socket not defined in policy.
[    1.386380] SELinux:  Permission map in class netlink_netfilter_socket not defined in policy.
[    1.387030] SELinux:  Permission map in class netlink_dnrt_socket not defined in policy.
[    1.387619] SELinux:  Permission map in class netlink_kobject_uevent_socket not defined in policy.
[    1.388422] SELinux:  Permission map in class netlink_generic_socket not defined in policy.
[    1.389054] SELinux:  Permission map in class netlink_scsitransport_socket not defined in policy.
[    1.389900] SELinux:  Permission map in class netlink_rdma_socket not defined in policy.
[    1.390386] SELinux:  Permission map in class netlink_crypto_socket not defined in policy.
[    1.390982] SELinux:  Permission map in class appletalk_socket not defined in policy.
[    1.392437] SELinux:  Permission map in class dccp_socket not defined in policy.
[    1.392997] SELinux:  Permission map in class tun_socket not defined in policy.
[    1.393362] SELinux:  Class sctp_socket not defined in policy.
[    1.393789] SELinux:  Class icmp_socket not defined in policy.
[    1.394269] SELinux:  Class ax25_socket not defined in policy.
[    1.394696] SELinux:  Class ipx_socket not defined in policy.
[    1.395111] SELinux:  Class netrom_socket not defined in policy.
[    1.395485] SELinux:  Class atmpvc_socket not defined in policy.
[    1.395992] SELinux:  Class x25_socket not defined in policy.
[    1.396280] SELinux:  Class rose_socket not defined in policy.
[    1.396722] SELinux:  Class decnet_socket not defined in policy.
[    1.397120] SELinux:  Class atmsvc_socket not defined in policy.
[    1.397519] SELinux:  Class rds_socket not defined in policy.
[    1.397969] SELinux:  Class irda_socket not defined in policy.
[    1.398287] SELinux:  Class pppox_socket not defined in policy.
[    1.398732] SELinux:  Class llc_socket not defined in policy.
[    1.400165] SELinux:  Class can_socket not defined in policy.
[    1.400602] SELinux:  Class tipc_socket not defined in policy.
[    1.401054] SELinux:  Class bluetooth_socket not defined in policy.
[    1.401514] SELinux:  Class iucv_socket not defined in policy.
[    1.401988] SELinux:  Class rxrpc_socket not defined in policy.
[    1.402279] SELinux:  Class isdn_socket not defined in policy.
[    1.402721] SELinux:  Class phonet_socket not defined in policy.
[    1.403118] SELinux:  Class ieee802154_socket not defined in policy.
[    1.403494] SELinux:  Class caif_socket not defined in policy.
[    1.403962] SELinux:  Class alg_socket not defined in policy.
[    1.404279] SELinux:  Class nfc_socket not defined in policy.
[    1.404716] SELinux:  Class vsock_socket not defined in policy.
[    1.405111] SELinux:  Class kcm_socket not defined in policy.
[    1.405497] SELinux:  Class qipcrtr_socket not defined in policy.
[    1.405935] SELinux:  Class smc_socket not defined in policy.
[    1.406267] SELinux:  Class bpf not defined in policy.
[    1.406664] SELinux:  Class xdp_socket not defined in policy.
[    1.407065] SELinux: the above unknown classes and permissions will be allowed
[    1.407633] SELinux:  policy capability network_peer_controls=1
[    1.408089] SELinux:  policy capability open_perms=1
[    1.408480] SELinux:  policy capability extended_socket_class=0
[    1.408922] SELinux:  policy capability always_check_network=0
[    1.410131] SELinux:  policy capability cgroup_seclabel=1
[    1.410539] SELinux:  policy capability nnp_nosuid_transition=1
[    1.411009] SELinux:  Completing initialization.
[    1.411009] SELinux:  Setting up existing superblocks.
[    1.415349] audit: type=1403 audit(1539754607.414:3): auid=4294967295 ses=4294967295 lsm=selinux res=1
[    1.419572] systemd[1]: Successfully loaded SELinux policy in 103.568ms.
[    1.436655] systemd[1]: Relabelled /dev and /run in 10.048ms.
[    1.446031] systemd-cryptse (1557) used greatest stack depth: 13784 bytes left
[    1.455137] systemd-rc-loca (1563) used greatest stack depth: 13664 bytes left
[    1.537818] EXT4-fs (sda1): re-mounted. Opts: (null)
[    1.675994] systemd-journald[1567]: Received request to flush runtime journal from PID 1
[    1.730333] Adding 2097148k swap on /swapfile.  Priority:-2 extents:7 across:2277372k 
[    2.136402] random: crng init done
[    2.136403] random: 7 urandom warning(s) missed due to ratelimiting
